// Jest Snapshot v1, https://goo.gl/fbAQLP

exports[`ssrRef reactivity ssrRefs react to change in state 1`] = `
Object {
  "nuxt": Object {
    "globalRefs": Object {},
    "ssrRefs": Object {
      "name": "full name",
    },
  },
}
`;

exports[`ssrRef reactivity ssrRefs react to constructors 1`] = `
RefImpl {
  "value": bound Object {
    "testMap": Map {
      "john" => "doe",
    },
  },
}
`;

exports[`ssrRef reactivity ssrRefs react to deep change in array state 1`] = `
Object {
  "nuxt": Object {
    "globalRefs": Object {},
    "ssrRefs": Object {
      "obj": Object {
        "deep": Object {
          "object": Array [
            Object {
              "name": "full name",
            },
          ],
        },
      },
    },
  },
}
`;

exports[`ssrRef reactivity ssrRefs react to deep change in object state 1`] = `
Object {
  "nuxt": Object {
    "globalRefs": Object {},
    "ssrRefs": Object {
      "obj": Object {
        "deep": Object {
          "object": Object {
            "name": "full name",
          },
        },
      },
    },
  },
}
`;

exports[`ssrRef reactivity ssrRefs within multiple requests 1`] = `
Object {
  "nuxt": Object {
    "globalRefs": Object {},
    "ssrRefs": Object {
      "concurrentRef": 2,
    },
  },
}
`;
